{
    "Run with profile test for rnaseq [salmon] | --input GRCh38_chr21.yml": {
        "content": [
            3,
            {
                "MAKE_TRANSCRIPTS_FASTA": {
                    "rsem": "1.3.1",
                    "star": "2.7.10a"
                },
                "SALMON_INDEX": {
                    "salmon": "1.10.3"
                },
                "Workflow": {
                    "nf-core/references": "v1.0dev"
                }
            },
            [
                "make",
                "make/genome.transcripts.fa",
                "make/rsem",
                "make/rsem/GRCh38_chr21.fa",
                "make/rsem/genome.chrlist",
                "make/rsem/genome.grp",
                "make/rsem/genome.idx.fa",
                "make/rsem/genome.n2g.idx.fa",
                "make/rsem/genome.seq",
                "make/rsem/genome.ti",
                "make/rsem/genome.transcripts.fa",
                "multiqc",
                "multiqc/multiqc_data",
                "multiqc/multiqc_data/multiqc.log",
                "multiqc/multiqc_data/multiqc_citations.txt",
                "multiqc/multiqc_data/multiqc_data.json",
                "multiqc/multiqc_data/multiqc_software_versions.txt",
                "multiqc/multiqc_data/multiqc_sources.txt",
                "multiqc/multiqc_report.html",
                "pipeline_info",
                "pipeline_info/nf_core_references_software_mqc_versions.yml",
                "salmon",
                "salmon/salmon",
                "salmon/salmon/complete_ref_lens.bin",
                "salmon/salmon/ctable.bin",
                "salmon/salmon/ctg_offsets.bin",
                "salmon/salmon/duplicate_clusters.tsv",
                "salmon/salmon/info.json",
                "salmon/salmon/mphf.bin",
                "salmon/salmon/pos.bin",
                "salmon/salmon/pre_indexing.log",
                "salmon/salmon/rank.bin",
                "salmon/salmon/refAccumLengths.bin",
                "salmon/salmon/ref_indexing.log",
                "salmon/salmon/reflengths.bin",
                "salmon/salmon/refseq.bin",
                "salmon/salmon/seq.bin",
                "salmon/salmon/versionInfo.json"
            ],
            [
                "genome.transcripts.fa:md5,fd4e06fc250a19351a611a44861b9aea",
                "GRCh38_chr21.fa:md5,c675070fcf168d7b64cfadc30b5d7b4d",
                "genome.chrlist:md5,c985a141685e8431ec27c782816cb744",
                "genome.grp:md5,f75057a7bf6943f88c04f164cd641105",
                "genome.idx.fa:md5,fd4e06fc250a19351a611a44861b9aea",
                "genome.n2g.idx.fa:md5,fd4e06fc250a19351a611a44861b9aea",
                "genome.seq:md5,03f87c5a63ec7cb6e681e8e4e042153e",
                "genome.ti:md5,38ba06dd31c6feaa10c8d9b42662358c",
                "genome.transcripts.fa:md5,fd4e06fc250a19351a611a44861b9aea",
                "multiqc_citations.txt:md5,4c806e63a283ec1b7e78cdae3a923d4f",
                "complete_ref_lens.bin:md5,ec4126a76984f26dc11baa2aaec7c325",
                "ctg_offsets.bin:md5,6f41c3fe64790ba0399be18d30436bb6",
                "duplicate_clusters.tsv:md5,b65592e6f604234ac3cf45f8cafd8d27",
                "info.json:md5,e13f6500d048a7f72bcc385ce54bd50a",
                "mphf.bin:md5,9651ab954dccca304b6dcddf50fbae61",
                "rank.bin:md5,e2ee4a817caa0614c7cfa732358aa829",
                "refAccumLengths.bin:md5,f79c13f67c09f87982ff1503826d6350",
                "reflengths.bin:md5,ec4126a76984f26dc11baa2aaec7c325",
                "refseq.bin:md5,dbe45319a08f3ea4b9eed98787b683ba",
                "versionInfo.json:md5,d2c799050e81aa6e282ac8a73e773941"
            ]
        ],
        "meta": {
            "nf-test": "0.9.2",
            "nextflow": "24.10.1"
        },
        "timestamp": "2024-11-21T21:44:36.180276389"
    },
    "Run with profile test for rnaseq [salmon] | --input assets/genomes/test/pipelines/default_extended.yml": {
        "content": [
            2,
            {
                "SALMON_INDEX": {
                    "salmon": "1.10.3"
                },
                "Workflow": {
                    "nf-core/references": "v1.0dev"
                }
            },
            [
                "multiqc",
                "multiqc/multiqc_data",
                "multiqc/multiqc_data/multiqc.log",
                "multiqc/multiqc_data/multiqc_citations.txt",
                "multiqc/multiqc_data/multiqc_data.json",
                "multiqc/multiqc_data/multiqc_software_versions.txt",
                "multiqc/multiqc_data/multiqc_sources.txt",
                "multiqc/multiqc_report.html",
                "pipeline_info",
                "pipeline_info/nf_core_references_software_mqc_versions.yml",
                "salmon",
                "salmon/salmon",
                "salmon/salmon/complete_ref_lens.bin",
                "salmon/salmon/ctable.bin",
                "salmon/salmon/ctg_offsets.bin",
                "salmon/salmon/duplicate_clusters.tsv",
                "salmon/salmon/info.json",
                "salmon/salmon/mphf.bin",
                "salmon/salmon/pos.bin",
                "salmon/salmon/pre_indexing.log",
                "salmon/salmon/rank.bin",
                "salmon/salmon/refAccumLengths.bin",
                "salmon/salmon/ref_indexing.log",
                "salmon/salmon/reflengths.bin",
                "salmon/salmon/refseq.bin",
                "salmon/salmon/seq.bin",
                "salmon/salmon/versionInfo.json"
            ],
            [
                "multiqc_citations.txt:md5,4c806e63a283ec1b7e78cdae3a923d4f",
                "complete_ref_lens.bin:md5,ec4126a76984f26dc11baa2aaec7c325",
                "ctg_offsets.bin:md5,6f41c3fe64790ba0399be18d30436bb6",
                "duplicate_clusters.tsv:md5,b65592e6f604234ac3cf45f8cafd8d27",
                "info.json:md5,e13f6500d048a7f72bcc385ce54bd50a",
                "mphf.bin:md5,9651ab954dccca304b6dcddf50fbae61",
                "rank.bin:md5,e2ee4a817caa0614c7cfa732358aa829",
                "refAccumLengths.bin:md5,f79c13f67c09f87982ff1503826d6350",
                "reflengths.bin:md5,ec4126a76984f26dc11baa2aaec7c325",
                "refseq.bin:md5,dbe45319a08f3ea4b9eed98787b683ba",
                "versionInfo.json:md5,d2c799050e81aa6e282ac8a73e773941"
            ]
        ],
        "meta": {
            "nf-test": "0.9.2",
            "nextflow": "24.10.1"
        },
        "timestamp": "2024-11-21T21:43:43.210418612"
    }
}
