{
    "Run with profile test with tabix | --input assets/genomes/test/pipelines/default_extended.yml": {
        "content": [
            5,
            {
                "TABIX_DBSNP": {
                    "tabix": 1.2
                },
                "TABIX_GERMLINE_RESOURCE": {
                    "tabix": 1.2
                },
                "TABIX_KNOWN_INDELS": {
                    "tabix": 1.2
                },
                "TABIX_KNOWN_SNPS": {
                    "tabix": 1.2
                },
                "Workflow": {
                    "nf-core/references": "v1.0dev"
                }
            },
            [
                "multiqc",
                "multiqc/multiqc_data",
                "multiqc/multiqc_data/multiqc.log",
                "multiqc/multiqc_data/multiqc_citations.txt",
                "multiqc/multiqc_data/multiqc_data.json",
                "multiqc/multiqc_data/multiqc_software_versions.txt",
                "multiqc/multiqc_data/multiqc_sources.txt",
                "multiqc/multiqc_report.html",
                "pipeline_info",
                "pipeline_info/nf_core_references_software_mqc_versions.yml",
                "tabix_dbsnp",
                "tabix_dbsnp/dbsnp_146.hg38.vcf.gz.tbi",
                "tabix_germline_resource",
                "tabix_germline_resource/gnomAD.r2.1.1.vcf.gz.tbi",
                "tabix_known_indels",
                "tabix_known_indels/mills_and_1000G.indels.vcf.gz.tbi",
                "tabix_known_snps",
                "tabix_known_snps/dbsnp_146.hg38.vcf.gz.tbi"
            ],
            [
                "multiqc_citations.txt:md5,4c806e63a283ec1b7e78cdae3a923d4f",
                "dbsnp_146.hg38.vcf.gz.tbi:md5,628232d0c870f2dbf73c3e81aff7b4b4",
                "gnomAD.r2.1.1.vcf.gz.tbi:md5,d95bc4bd1eee441d13ed99f0f3d501f8",
                "mills_and_1000G.indels.vcf.gz.tbi:md5,1bb7ab8f22eb798efd796439d3b29b7a",
                "dbsnp_146.hg38.vcf.gz.tbi:md5,628232d0c870f2dbf73c3e81aff7b4b4"
            ]
        ],
        "meta": {
            "nf-test": "0.9.2",
            "nextflow": "24.10.2"
        },
        "timestamp": "2024-11-28T13:36:32.086726264"
    },
    "Run with profile test with tabix | --input assets/genomes/test/pipelines/default_full.yml": {
        "content": [
            5,
            {
                "TABIX_DBSNP": {
                    "tabix": 1.2
                },
                "TABIX_GERMLINE_RESOURCE": {
                    "tabix": 1.2
                },
                "TABIX_KNOWN_INDELS": {
                    "tabix": 1.2
                },
                "TABIX_KNOWN_SNPS": {
                    "tabix": 1.2
                },
                "Workflow": {
                    "nf-core/references": "v1.0dev"
                }
            },
            [
                "multiqc",
                "multiqc/multiqc_data",
                "multiqc/multiqc_data/multiqc.log",
                "multiqc/multiqc_data/multiqc_citations.txt",
                "multiqc/multiqc_data/multiqc_data.json",
                "multiqc/multiqc_data/multiqc_software_versions.txt",
                "multiqc/multiqc_data/multiqc_sources.txt",
                "multiqc/multiqc_report.html",
                "pipeline_info",
                "pipeline_info/nf_core_references_software_mqc_versions.yml",
                "tabix_dbsnp",
                "tabix_dbsnp/dbsnp_146.hg38.vcf.gz.tbi",
                "tabix_germline_resource",
                "tabix_germline_resource/gnomAD.r2.1.1.vcf.gz.tbi",
                "tabix_known_indels",
                "tabix_known_indels/mills_and_1000G.indels.vcf.gz.tbi",
                "tabix_known_snps",
                "tabix_known_snps/dbsnp_146.hg38.vcf.gz.tbi"
            ],
            [
                "multiqc_citations.txt:md5,4c806e63a283ec1b7e78cdae3a923d4f",
                "dbsnp_146.hg38.vcf.gz.tbi:md5,628232d0c870f2dbf73c3e81aff7b4b4",
                "gnomAD.r2.1.1.vcf.gz.tbi:md5,d95bc4bd1eee441d13ed99f0f3d501f8",
                "mills_and_1000G.indels.vcf.gz.tbi:md5,1bb7ab8f22eb798efd796439d3b29b7a",
                "dbsnp_146.hg38.vcf.gz.tbi:md5,628232d0c870f2dbf73c3e81aff7b4b4"
            ]
        ],
        "meta": {
            "nf-test": "0.9.2",
            "nextflow": "24.10.2"
        },
        "timestamp": "2024-11-28T13:36:49.734831417"
    }
}